Analysis & Synthesis report for DspProcessor
Mon Aug 31 15:30:15 2026
Quartus Prime Version 24.1std.0 Build 1077 03/04/2025 SC Lite Edition


---------------------
; Table of Contents ;
---------------------
  1. Legal Notice
  2. Analysis & Synthesis Summary
  3. Analysis & Synthesis Settings
  4. Parallel Compilation
  5. Analysis & Synthesis Source Files Read
  6. Analysis & Synthesis Resource Usage Summary
  7. Analysis & Synthesis Resource Utilization by Entity
  8. State Machine - |DspCore|state
  9. State Machine - |DspCore|DspSequencer:seq|state
 10. Registers Removed During Synthesis
 11. Removed Registers Triggering Further Register Optimizations
 12. General Register Statistics
 13. Multiplexer Restructuring Statistics (Restructuring Performed)
 14. Port Connectivity Checks: "DspSequencer:seq|SatRoundScale:srs"
 15. Port Connectivity Checks: "DspSequencer:seq|AccRegFile:accs"
 16. Port Connectivity Checks: "DspSequencer:seq|DspArithUnit:arith"
 17. Port Connectivity Checks: "DspSequencer:seq|DspAGU:agu_smp"
 18. Port Connectivity Checks: "DspSequencer:seq|DspAGU:agu_coeff"
 19. Port Connectivity Checks: "DspSequencer:seq"
 20. Port Connectivity Checks: "SatRoundScale:rdacc_srs"
 21. Port Connectivity Checks: "AccRegFile:core_accs"
 22. Port Connectivity Checks: "DspArithCtrl:arith_ctrl"
 23. Port Connectivity Checks: "DspCsrFile:csrfile"
 24. Port Connectivity Checks: "DspRegFile:regfile"
 25. Post-Synthesis Netlist Statistics for Top Partition
 26. Elapsed Time Per Partition
 27. Analysis & Synthesis Messages
 28. Analysis & Synthesis Suppressed Messages



----------------
; Legal Notice ;
----------------
Copyright (C) 2025  Altera Corporation. All rights reserved.
Your use of Altera Corporation's design tools, logic functions 
and other software and tools, and any partner logic 
functions, and any output files from any of the foregoing 
(including device programming or simulation files), and any 
associated documentation or information are expressly subject 
to the terms and conditions of the Altera Program License 
Subscription Agreement, the Altera Quartus Prime License Agreement,
the Altera IP License Agreement, or other applicable license
agreement, including, without limitation, that your use is for
the sole purpose of programming logic devices manufactured by
Altera and sold by Altera or its authorized distributors.  Please
refer to the Altera Software License Subscription Agreements 
on the Quartus Prime software download page.



+-----------------------------------------------------------------------------------+
; Analysis & Synthesis Summary                                                      ;
+---------------------------------+-------------------------------------------------+
; Analysis & Synthesis Status     ; Successful - Mon Aug 31 15:30:14 2026           ;
; Quartus Prime Version           ; 24.1std.0 Build 1077 03/04/2025 SC Lite Edition ;
; Revision Name                   ; DspProcessor                                    ;
; Top-level Entity Name           ; DspCore                                         ;
; Family                          ; Cyclone V                                       ;
; Logic utilization (in ALMs)     ; N/A                                             ;
; Total registers                 ; 0                                               ;
; Total pins                      ; 3                                               ;
; Total virtual pins              ; 0                                               ;
; Total block memory bits         ; 0                                               ;
; Total DSP Blocks                ; 0                                               ;
; Total HSSI RX PCSs              ; 0                                               ;
; Total HSSI PMA RX Deserializers ; 0                                               ;
; Total HSSI TX PCSs              ; 0                                               ;
; Total HSSI PMA TX Serializers   ; 0                                               ;
; Total PLLs                      ; 0                                               ;
; Total DLLs                      ; 0                                               ;
+---------------------------------+-------------------------------------------------+


+---------------------------------------------------------------------------------------------------------------------------+
; Analysis & Synthesis Settings                                                                                             ;
+---------------------------------------------------------------------------------+--------------------+--------------------+
; Option                                                                          ; Setting            ; Default Value      ;
+---------------------------------------------------------------------------------+--------------------+--------------------+
; Device                                                                          ; 5CSXFC6D6F31C6     ;                    ;
; Top-level entity name                                                           ; DspCore            ; DspProcessor       ;
; Family name                                                                     ; Cyclone V          ; Cyclone V          ;
; Use smart compilation                                                           ; Off                ; Off                ;
; Enable parallel Assembler and Timing Analyzer during compilation                ; On                 ; On                 ;
; Enable compact report table                                                     ; Off                ; Off                ;
; Restructure Multiplexers                                                        ; Auto               ; Auto               ;
; MLAB Add Timing Constraints For Mixed-Port Feed-Through Mode Setting Don't Care ; Off                ; Off                ;
; Create Debugging Nodes for IP Cores                                             ; Off                ; Off                ;
; Preserve fewer node names                                                       ; On                 ; On                 ;
; Intel FPGA IP Evaluation Mode                                                   ; Enable             ; Enable             ;
; Verilog Version                                                                 ; Verilog_2001       ; Verilog_2001       ;
; VHDL Version                                                                    ; VHDL_1993          ; VHDL_1993          ;
; State Machine Processing                                                        ; Auto               ; Auto               ;
; Safe State Machine                                                              ; Off                ; Off                ;
; Extract Verilog State Machines                                                  ; On                 ; On                 ;
; Extract VHDL State Machines                                                     ; On                 ; On                 ;
; Ignore Verilog initial constructs                                               ; Off                ; Off                ;
; Iteration limit for constant Verilog loops                                      ; 5000               ; 5000               ;
; Iteration limit for non-constant Verilog loops                                  ; 250                ; 250                ;
; Add Pass-Through Logic to Inferred RAMs                                         ; On                 ; On                 ;
; Infer RAMs from Raw Logic                                                       ; On                 ; On                 ;
; Parallel Synthesis                                                              ; On                 ; On                 ;
; DSP Block Balancing                                                             ; Auto               ; Auto               ;
; NOT Gate Push-Back                                                              ; On                 ; On                 ;
; Power-Up Don't Care                                                             ; On                 ; On                 ;
; Remove Redundant Logic Cells                                                    ; Off                ; Off                ;
; Remove Duplicate Registers                                                      ; On                 ; On                 ;
; Ignore CARRY Buffers                                                            ; Off                ; Off                ;
; Ignore CASCADE Buffers                                                          ; Off                ; Off                ;
; Ignore GLOBAL Buffers                                                           ; Off                ; Off                ;
; Ignore ROW GLOBAL Buffers                                                       ; Off                ; Off                ;
; Ignore LCELL Buffers                                                            ; Off                ; Off                ;
; Ignore SOFT Buffers                                                             ; On                 ; On                 ;
; Limit AHDL Integers to 32 Bits                                                  ; Off                ; Off                ;
; Optimization Technique                                                          ; Balanced           ; Balanced           ;
; Carry Chain Length                                                              ; 70                 ; 70                 ;
; Auto Carry Chains                                                               ; On                 ; On                 ;
; Auto Open-Drain Pins                                                            ; On                 ; On                 ;
; Perform WYSIWYG Primitive Resynthesis                                           ; Off                ; Off                ;
; Auto ROM Replacement                                                            ; On                 ; On                 ;
; Auto RAM Replacement                                                            ; On                 ; On                 ;
; Auto DSP Block Replacement                                                      ; On                 ; On                 ;
; Auto Shift Register Replacement                                                 ; Auto               ; Auto               ;
; Allow Shift Register Merging across Hierarchies                                 ; Auto               ; Auto               ;
; Auto Clock Enable Replacement                                                   ; On                 ; On                 ;
; Strict RAM Replacement                                                          ; Off                ; Off                ;
; Allow Synchronous Control Signals                                               ; On                 ; On                 ;
; Force Use of Synchronous Clear Signals                                          ; Off                ; Off                ;
; Auto Resource Sharing                                                           ; Off                ; Off                ;
; Allow Any RAM Size For Recognition                                              ; Off                ; Off                ;
; Allow Any ROM Size For Recognition                                              ; Off                ; Off                ;
; Allow Any Shift Register Size For Recognition                                   ; Off                ; Off                ;
; Use LogicLock Constraints during Resource Balancing                             ; On                 ; On                 ;
; Ignore translate_off and synthesis_off directives                               ; Off                ; Off                ;
; Timing-Driven Synthesis                                                         ; On                 ; On                 ;
; Report Parameter Settings                                                       ; On                 ; On                 ;
; Report Source Assignments                                                       ; On                 ; On                 ;
; Report Connectivity Checks                                                      ; On                 ; On                 ;
; Ignore Maximum Fan-Out Assignments                                              ; Off                ; Off                ;
; Synchronization Register Chain Length                                           ; 3                  ; 3                  ;
; Power Optimization During Synthesis                                             ; Normal compilation ; Normal compilation ;
; HDL message level                                                               ; Level2             ; Level2             ;
; Suppress Register Optimization Related Messages                                 ; Off                ; Off                ;
; Number of Removed Registers Reported in Synthesis Report                        ; 5000               ; 5000               ;
; Number of Swept Nodes Reported in Synthesis Report                              ; 5000               ; 5000               ;
; Number of Inverted Registers Reported in Synthesis Report                       ; 100                ; 100                ;
; Clock MUX Protection                                                            ; On                 ; On                 ;
; Auto Gated Clock Conversion                                                     ; Off                ; Off                ;
; Block Design Naming                                                             ; Auto               ; Auto               ;
; SDC constraint protection                                                       ; Off                ; Off                ;
; Synthesis Effort                                                                ; Auto               ; Auto               ;
; Shift Register Replacement - Allow Asynchronous Clear Signal                    ; On                 ; On                 ;
; Pre-Mapping Resynthesis Optimization                                            ; Off                ; Off                ;
; Analysis & Synthesis Message Level                                              ; Medium             ; Medium             ;
; Disable Register Merging Across Hierarchies                                     ; Auto               ; Auto               ;
; Resource Aware Inference For Block RAM                                          ; On                 ; On                 ;
; Automatic Parallel Synthesis                                                    ; On                 ; On                 ;
; Partial Reconfiguration Bitstream ID                                            ; Off                ; Off                ;
+---------------------------------------------------------------------------------+--------------------+--------------------+


+------------------------------------------+
; Parallel Compilation                     ;
+----------------------------+-------------+
; Processors                 ; Number      ;
+----------------------------+-------------+
; Number detected on machine ; 8           ;
; Maximum allowed            ; 4           ;
;                            ;             ;
; Average used               ; 1.00        ;
; Maximum used               ; 1           ;
;                            ;             ;
; Usage by Processor         ; % Time Used ;
;     Processor 1            ; 100.0%      ;
+----------------------------+-------------+


+----------------------------------------------------------------------------------------------------------------------------------------------------------------------------------------+
; Analysis & Synthesis Source Files Read                                                                                                                                                 ;
+----------------------------------+-----------------+------------------------+------------------------------------------------------------------------------------------------+---------+
; File Name with User-Entered Path ; Used in Netlist ; File Type              ; File Name with Absolute Path                                                                   ; Library ;
+----------------------------------+-----------------+------------------------+------------------------------------------------------------------------------------------------+---------+
; rtl/AccRegFile.v                 ; yes             ; User Verilog HDL File  ; C:/Users/DELL/AppData/Local/quartus/res_proj/dsp_processor_1/dsp_processor/rtl/AccRegFile.v    ;         ;
; rtl/SatRoundScale.v              ; yes             ; User Verilog HDL File  ; C:/Users/DELL/AppData/Local/quartus/res_proj/dsp_processor_1/dsp_processor/rtl/SatRoundScale.v ;         ;
; rtl/DspArithCtrl.v               ; yes             ; User Verilog HDL File  ; C:/Users/DELL/AppData/Local/quartus/res_proj/dsp_processor_1/dsp_processor/rtl/DspArithCtrl.v  ;         ;
; rtl/DspArithUnit.v               ; yes             ; User Verilog HDL File  ; C:/Users/DELL/AppData/Local/quartus/res_proj/dsp_processor_1/dsp_processor/rtl/DspArithUnit.v  ;         ;
; rtl/DspAGU.v                     ; yes             ; User Verilog HDL File  ; C:/Users/DELL/AppData/Local/quartus/res_proj/dsp_processor_1/dsp_processor/rtl/DspAGU.v        ;         ;
; rtl/DspSequencer.v               ; yes             ; User Verilog HDL File  ; C:/Users/DELL/AppData/Local/quartus/res_proj/dsp_processor_1/dsp_processor/rtl/DspSequencer.v  ;         ;
; rtl/DspRegFile.v                 ; yes             ; User Verilog HDL File  ; C:/Users/DELL/AppData/Local/quartus/res_proj/dsp_processor_1/dsp_processor/rtl/DspRegFile.v    ;         ;
; rtl/DspCsrFile.v                 ; yes             ; User Verilog HDL File  ; C:/Users/DELL/AppData/Local/quartus/res_proj/dsp_processor_1/dsp_processor/rtl/DspCsrFile.v    ;         ;
; rtl/DspCore.v                    ; yes             ; User Verilog HDL File  ; C:/Users/DELL/AppData/Local/quartus/res_proj/dsp_processor_1/dsp_processor/rtl/DspCore.v       ;         ;
+----------------------------------+-----------------+------------------------+------------------------------------------------------------------------------------------------+---------+


+-------------------------------------------------------------+
; Analysis & Synthesis Resource Usage Summary                 ;
+---------------------------------------------+---------------+
; Resource                                    ; Usage         ;
+---------------------------------------------+---------------+
; Estimate of Logic utilization (ALMs needed) ; 0             ;
;                                             ;               ;
; Combinational ALUT usage for logic          ; 0             ;
;     -- 7 input functions                    ; 0             ;
;     -- 6 input functions                    ; 0             ;
;     -- 5 input functions                    ; 0             ;
;     -- 4 input functions                    ; 0             ;
;     -- <=3 input functions                  ; 0             ;
;                                             ;               ;
; Dedicated logic registers                   ; 0             ;
;                                             ;               ;
; I/O pins                                    ; 3             ;
;                                             ;               ;
; Total DSP Blocks                            ; 0             ;
;                                             ;               ;
; Maximum fan-out node                        ; halted~output ;
; Maximum fan-out                             ; 1             ;
; Total fan-out                               ; 3             ;
; Average fan-out                             ; 0.50          ;
+---------------------------------------------+---------------+


+----------------------------------------------------------------------------------------------------------------------------------------------------------------------------------------+
; Analysis & Synthesis Resource Utilization by Entity                                                                                                                                    ;
+----------------------------+---------------------+---------------------------+-------------------+------------+------+--------------+---------------------+-------------+--------------+
; Compilation Hierarchy Node ; Combinational ALUTs ; Dedicated Logic Registers ; Block Memory Bits ; DSP Blocks ; Pins ; Virtual Pins ; Full Hierarchy Name ; Entity Name ; Library Name ;
+----------------------------+---------------------+---------------------------+-------------------+------------+------+--------------+---------------------+-------------+--------------+
; |DspCore                   ; 0 (0)               ; 0 (0)                     ; 0                 ; 0          ; 3    ; 0            ; |DspCore            ; DspCore     ; work         ;
+----------------------------+---------------------+---------------------------+-------------------+------------+------+--------------+---------------------+-------------+--------------+
Note: For table entries with two numbers listed, the numbers in parentheses indicate the number of resources of the given type used by the specific entity alone. The numbers listed outside of parentheses indicate the total resources of the given type used by the specific entity and all of its sub-entities in the hierarchy.


Encoding Type:  One-Hot
+--------------------------------------------------------------------+
; State Machine - |DspCore|state                                     ;
+------------------+---------------+--------------+------------------+
; Name             ; state.S_FETCH ; state.S_HALT ; state.S_SEQ_WAIT ;
+------------------+---------------+--------------+------------------+
; state.S_FETCH    ; 0             ; 0            ; 0                ;
; state.S_SEQ_WAIT ; 1             ; 0            ; 1                ;
; state.S_HALT     ; 1             ; 1            ; 0                ;
+------------------+---------------+--------------+------------------+


Encoding Type:  One-Hot
+----------------------------------------------------------------------------------------------------------------------------------------------------------------------+
; State Machine - |DspCore|DspSequencer:seq|state                                                                                                                      ;
+------------------+------------+-----------------+------------------+-----------------+----------------+----------------+---------------+--------------+--------------+
; Name             ; state.S_WB ; state.S_LMS_UPD ; state.S_LMS_STEP ; state.S_LMS_ERR ; state.S_PHASE2 ; state.S_PHASE1 ; state.S_CLEAR ; state.S_IDLE ; state.S_DONE ;
+------------------+------------+-----------------+------------------+-----------------+----------------+----------------+---------------+--------------+--------------+
; state.S_IDLE     ; 0          ; 0               ; 0                ; 0               ; 0              ; 0              ; 0             ; 0            ; 0            ;
; state.S_CLEAR    ; 0          ; 0               ; 0                ; 0               ; 0              ; 0              ; 1             ; 1            ; 0            ;
; state.S_PHASE1   ; 0          ; 0               ; 0                ; 0               ; 0              ; 1              ; 0             ; 1            ; 0            ;
; state.S_PHASE2   ; 0          ; 0               ; 0                ; 0               ; 1              ; 0              ; 0             ; 1            ; 0            ;
; state.S_LMS_ERR  ; 0          ; 0               ; 0                ; 1               ; 0              ; 0              ; 0             ; 1            ; 0            ;
; state.S_LMS_STEP ; 0          ; 0               ; 1                ; 0               ; 0              ; 0              ; 0             ; 1            ; 0            ;
; state.S_LMS_UPD  ; 0          ; 1               ; 0                ; 0               ; 0              ; 0              ; 0             ; 1            ; 0            ;
; state.S_WB       ; 1          ; 0               ; 0                ; 0               ; 0              ; 0              ; 0             ; 1            ; 0            ;
; state.S_DONE     ; 0          ; 0               ; 0                ; 0               ; 0              ; 0              ; 0             ; 1            ; 1            ;
+------------------+------------+-----------------+------------------+-----------------+----------------+----------------+---------------+--------------+--------------+


+----------------------------------------------------------------------------------+
; Registers Removed During Synthesis                                               ;
+-----------------------------------------+----------------------------------------+
; Register name                           ; Reason for Removal                     ;
+-----------------------------------------+----------------------------------------+
; halted_r                                ; Stuck at GND due to stuck port data_in ;
; DspCsrFile:csrfile|csr[5][0]            ; Lost fanout                            ;
; DspCsrFile:csrfile|csr[5][1]            ; Lost fanout                            ;
; DspCsrFile:csrfile|csr[5][2]            ; Lost fanout                            ;
; DspCsrFile:csrfile|csr[5][3]            ; Lost fanout                            ;
; DspCsrFile:csrfile|csr[5][4]            ; Lost fanout                            ;
; DspCsrFile:csrfile|csr[5][5]            ; Lost fanout                            ;
; DspCsrFile:csrfile|csr[5][6]            ; Lost fanout                            ;
; DspCsrFile:csrfile|csr[5][7]            ; Lost fanout                            ;
; DspCsrFile:csrfile|csr[5][8]            ; Lost fanout                            ;
; DspCsrFile:csrfile|csr[5][9]            ; Lost fanout                            ;
; DspCsrFile:csrfile|csr[5][10]           ; Lost fanout                            ;
; DspCsrFile:csrfile|csr[5][11]           ; Lost fanout                            ;
; DspCsrFile:csrfile|csr[5][12]           ; Lost fanout                            ;
; DspCsrFile:csrfile|csr[5][13]           ; Lost fanout                            ;
; DspCsrFile:csrfile|csr[5][14]           ; Lost fanout                            ;
; DspCsrFile:csrfile|csr[5][15]           ; Lost fanout                            ;
; DspCsrFile:csrfile|csr[4][0]            ; Lost fanout                            ;
; DspCsrFile:csrfile|csr[4][1]            ; Lost fanout                            ;
; DspCsrFile:csrfile|csr[4][2]            ; Lost fanout                            ;
; DspCsrFile:csrfile|csr[4][3]            ; Lost fanout                            ;
; DspCsrFile:csrfile|csr[4][4]            ; Lost fanout                            ;
; DspCsrFile:csrfile|csr[4][5]            ; Lost fanout                            ;
; DspCsrFile:csrfile|csr[4][6]            ; Lost fanout                            ;
; DspCsrFile:csrfile|csr[4][7]            ; Lost fanout                            ;
; DspCsrFile:csrfile|csr[4][8]            ; Lost fanout                            ;
; DspCsrFile:csrfile|csr[4][9]            ; Lost fanout                            ;
; DspCsrFile:csrfile|csr[4][10]           ; Lost fanout                            ;
; DspCsrFile:csrfile|csr[4][11]           ; Lost fanout                            ;
; DspCsrFile:csrfile|csr[4][12]           ; Lost fanout                            ;
; DspCsrFile:csrfile|csr[4][13]           ; Lost fanout                            ;
; DspCsrFile:csrfile|csr[4][14]           ; Lost fanout                            ;
; DspCsrFile:csrfile|csr[4][15]           ; Lost fanout                            ;
; DspSequencer:seq|lc_r[1..15]            ; Merged with DspSequencer:seq|lc_r[0]   ;
; DspSequencer:seq|lc2_r[1..15]           ; Merged with DspSequencer:seq|lc2_r[0]  ;
; DspSequencer:seq|mode_r[0..2]           ; Merged with DspSequencer:seq|lc2_r[0]  ;
; DspSequencer:seq|lc2_r[0]               ; Stuck at GND due to stuck port data_in ;
; DspSequencer:seq|lc_r[0]                ; Stuck at GND due to stuck port data_in ;
; DspSequencer:seq|state~11               ; Lost fanout                            ;
; DspSequencer:seq|state~12               ; Lost fanout                            ;
; DspSequencer:seq|state~13               ; Lost fanout                            ;
; DspSequencer:seq|state.S_CLEAR          ; Stuck at GND due to stuck port data_in ;
; DspSequencer:seq|state.S_LMS_ERR        ; Stuck at GND due to stuck port data_in ;
; DspSequencer:seq|state.S_LMS_STEP       ; Stuck at GND due to stuck port data_in ;
; DspSequencer:seq|done                   ; Lost fanout                            ;
; DspSequencer:seq|k[0..15]               ; Lost fanout                            ;
; state.S_SEQ_WAIT                        ; Lost fanout                            ;
; state.S_HALT                            ; Lost fanout                            ;
; state.S_FETCH                           ; Lost fanout                            ;
; DspSequencer:seq|state.S_DONE           ; Lost fanout                            ;
; DspSequencer:seq|state.S_IDLE           ; Lost fanout                            ;
; DspSequencer:seq|state.S_PHASE1         ; Lost fanout                            ;
; DspSequencer:seq|state.S_PHASE2         ; Lost fanout                            ;
; DspSequencer:seq|state.S_LMS_UPD        ; Lost fanout                            ;
; DspSequencer:seq|state.S_WB             ; Lost fanout                            ;
; Total Number of Removed Registers = 100 ;                                        ;
+-----------------------------------------+----------------------------------------+


+--------------------------------------------------------------------------------------------------------------------------------------+
; Removed Registers Triggering Further Register Optimizations                                                                          ;
+--------------------------------+---------------------------+-------------------------------------------------------------------------+
; Register name                  ; Reason for Removal        ; Registers Removed due to This Register                                  ;
+--------------------------------+---------------------------+-------------------------------------------------------------------------+
; DspSequencer:seq|lc2_r[0]      ; Stuck at GND              ; DspSequencer:seq|k[7], DspSequencer:seq|k[8], DspSequencer:seq|k[9],    ;
;                                ; due to stuck port data_in ; DspSequencer:seq|k[10], DspSequencer:seq|k[11], DspSequencer:seq|k[12], ;
;                                ;                           ; DspSequencer:seq|k[13], DspSequencer:seq|k[14], DspSequencer:seq|k[15]  ;
; DspSequencer:seq|state.S_CLEAR ; Stuck at GND              ; DspSequencer:seq|k[0], DspSequencer:seq|k[1], DspSequencer:seq|k[2],    ;
;                                ; due to stuck port data_in ; DspSequencer:seq|k[3], DspSequencer:seq|k[4], DspSequencer:seq|k[5],    ;
;                                ;                           ; DspSequencer:seq|k[6], DspSequencer:seq|state.S_DONE                    ;
; DspSequencer:seq|state~11      ; Lost Fanouts              ; DspSequencer:seq|state.S_IDLE, DspSequencer:seq|state.S_PHASE1,         ;
;                                ;                           ; DspSequencer:seq|state.S_PHASE2, DspSequencer:seq|state.S_LMS_UPD,      ;
;                                ;                           ; DspSequencer:seq|state.S_WB                                             ;
+--------------------------------+---------------------------+-------------------------------------------------------------------------+


+------------------------------------------------------+
; General Register Statistics                          ;
+----------------------------------------------+-------+
; Statistic                                    ; Value ;
+----------------------------------------------+-------+
; Total registers                              ; 0     ;
; Number of registers using Synchronous Clear  ; 0     ;
; Number of registers using Synchronous Load   ; 0     ;
; Number of registers using Asynchronous Clear ; 0     ;
; Number of registers using Asynchronous Load  ; 0     ;
; Number of registers using Clock Enable       ; 0     ;
; Number of registers using Preset             ; 0     ;
+----------------------------------------------+-------+


+-----------------------------------------------------------------------------------------------------------------------------------------------+
; Multiplexer Restructuring Statistics (Restructuring Performed)                                                                                ;
+--------------------+-----------+---------------+----------------------+------------------------+------------+---------------------------------+
; Multiplexer Inputs ; Bus Width ; Baseline Area ; Area if Restructured ; Saving if Restructured ; Registered ; Example Multiplexer Output      ;
+--------------------+-----------+---------------+----------------------+------------------------+------------+---------------------------------+
; 7:1                ; 16 bits   ; 64 LEs        ; 0 LEs                ; 64 LEs                 ; Yes        ; |DspCore|DspSequencer:seq|k[0]  ;
; 4:1                ; 2 bits    ; 4 LEs         ; 4 LEs                ; 0 LEs                  ; No         ; |DspCore|state                  ;
; 5:1                ; 4 bits    ; 12 LEs        ; 8 LEs                ; 4 LEs                  ; No         ; |DspCore|DspSequencer:seq|state ;
+--------------------+-----------+---------------+----------------------+------------------------+------------+---------------------------------+


+----------------------------------------------------------------------------------------------------------------------+
; Port Connectivity Checks: "DspSequencer:seq|SatRoundScale:srs"                                                       ;
+------------+--------+----------+-------------------------------------------------------------------------------------+
; Port       ; Type   ; Severity ; Details                                                                             ;
+------------+--------+----------+-------------------------------------------------------------------------------------+
; shift      ; Input  ; Info     ; Stuck at GND                                                                        ;
; round_mode ; Input  ; Info     ; Stuck at VCC                                                                        ;
; saturated  ; Output ; Info     ; Connected to dangling logic. Logic that only feeds a dangling port will be removed. ;
+------------+--------+----------+-------------------------------------------------------------------------------------+


+-------------------------------------------------------------------------------------------------------------------+
; Port Connectivity Checks: "DspSequencer:seq|AccRegFile:accs"                                                      ;
+---------+--------+----------+-------------------------------------------------------------------------------------+
; Port    ; Type   ; Severity ; Details                                                                             ;
+---------+--------+----------+-------------------------------------------------------------------------------------+
; acc_sub ; Input  ; Info     ; Stuck at GND                                                                        ;
; read_im ; Output ; Info     ; Connected to dangling logic. Logic that only feeds a dangling port will be removed. ;
+---------+--------+----------+-------------------------------------------------------------------------------------+


+--------------------------------------------------------------------------------------------------------------------------+
; Port Connectivity Checks: "DspSequencer:seq|DspArithUnit:arith"                                                          ;
+----------------+--------+----------+-------------------------------------------------------------------------------------+
; Port           ; Type   ; Severity ; Details                                                                             ;
+----------------+--------+----------+-------------------------------------------------------------------------------------+
; a[31..16]      ; Input  ; Info     ; Stuck at GND                                                                        ;
; b[31..16]      ; Input  ; Info     ; Stuck at GND                                                                        ;
; mode           ; Input  ; Info     ; Stuck at GND                                                                        ;
; op[1]          ; Input  ; Info     ; Stuck at GND                                                                        ;
; result[31..16] ; Output ; Info     ; Connected to dangling logic. Logic that only feeds a dangling port will be removed. ;
+----------------+--------+----------+-------------------------------------------------------------------------------------+


+-------------------------------------------------------------+
; Port Connectivity Checks: "DspSequencer:seq|DspAGU:agu_smp" ;
+-------------------+-------+----------+----------------------+
; Port              ; Type  ; Severity ; Details              ;
+-------------------+-------+----------+----------------------+
; addr_mode[1]      ; Input ; Info     ; Stuck at GND         ;
; phase             ; Input ; Info     ; Stuck at GND         ;
; stride_tap[15..1] ; Input ; Info     ; Stuck at GND         ;
; stride_tap[0]     ; Input ; Info     ; Stuck at VCC         ;
; stride_phase      ; Input ; Info     ; Stuck at GND         ;
+-------------------+-------+----------+----------------------+


+---------------------------------------------------------------+
; Port Connectivity Checks: "DspSequencer:seq|DspAGU:agu_coeff" ;
+-------------------+-------+----------+------------------------+
; Port              ; Type  ; Severity ; Details                ;
+-------------------+-------+----------+------------------------+
; addr_mode[0]      ; Input ; Info     ; Stuck at GND           ;
; wptr              ; Input ; Info     ; Stuck at GND           ;
; buflen            ; Input ; Info     ; Stuck at GND           ;
; stride_tap[15..1] ; Input ; Info     ; Stuck at GND           ;
; stride_tap[0]     ; Input ; Info     ; Stuck at VCC           ;
+-------------------+-------+----------+------------------------+


+------------------------------------------------------------------------------------------------------------------------------+
; Port Connectivity Checks: "DspSequencer:seq"                                                                                 ;
+--------------------+--------+----------+-------------------------------------------------------------------------------------+
; Port               ; Type   ; Severity ; Details                                                                             ;
+--------------------+--------+----------+-------------------------------------------------------------------------------------+
; start              ; Input  ; Info     ; Stuck at GND                                                                        ;
; acc_sel[0]         ; Input  ; Info     ; Stuck at GND                                                                        ;
; busy               ; Output ; Info     ; Connected to dangling logic. Logic that only feeds a dangling port will be removed. ;
; wptr_x             ; Output ; Info     ; Connected to dangling logic. Logic that only feeds a dangling port will be removed. ;
; wptr_y             ; Output ; Info     ; Connected to dangling logic. Logic that only feeds a dangling port will be removed. ;
; coeff_addr[15..8]  ; Output ; Info     ; Connected to dangling logic. Logic that only feeds a dangling port will be removed. ;
; coeff_waddr[15..8] ; Output ; Info     ; Connected to dangling logic. Logic that only feeds a dangling port will be removed. ;
; x_addr             ; Output ; Info     ; Connected to dangling logic. Logic that only feeds a dangling port will be removed. ;
; x_rdata            ; Input  ; Info     ; Stuck at GND                                                                        ;
; y_addr[15..8]      ; Output ; Info     ; Connected to dangling logic. Logic that only feeds a dangling port will be removed. ;
; y_waddr[15..8]     ; Output ; Info     ; Connected to dangling logic. Logic that only feeds a dangling port will be removed. ;
; d_addr             ; Output ; Info     ; Connected to dangling logic. Logic that only feeds a dangling port will be removed. ;
; d_rdata            ; Input  ; Info     ; Stuck at GND                                                                        ;
; out_data           ; Output ; Info     ; Connected to dangling logic. Logic that only feeds a dangling port will be removed. ;
; out_valid          ; Output ; Info     ; Connected to dangling logic. Logic that only feeds a dangling port will be removed. ;
+--------------------+--------+----------+-------------------------------------------------------------------------------------+


+----------------------------------------------------------------------------------------------------------------------+
; Port Connectivity Checks: "SatRoundScale:rdacc_srs"                                                                  ;
+------------+--------+----------+-------------------------------------------------------------------------------------+
; Port       ; Type   ; Severity ; Details                                                                             ;
+------------+--------+----------+-------------------------------------------------------------------------------------+
; shift      ; Input  ; Info     ; Stuck at GND                                                                        ;
; round_mode ; Input  ; Info     ; Stuck at VCC                                                                        ;
; result     ; Output ; Info     ; Connected to dangling logic. Logic that only feeds a dangling port will be removed. ;
; saturated  ; Output ; Info     ; Connected to dangling logic. Logic that only feeds a dangling port will be removed. ;
+------------+--------+----------+-------------------------------------------------------------------------------------+


+--------------------------------------------------------------------------------------------------------------------+
; Port Connectivity Checks: "AccRegFile:core_accs"                                                                   ;
+----------+--------+----------+-------------------------------------------------------------------------------------+
; Port     ; Type   ; Severity ; Details                                                                             ;
+----------+--------+----------+-------------------------------------------------------------------------------------+
; acc_sel  ; Input  ; Info     ; Stuck at GND                                                                        ;
; acc_clr  ; Input  ; Info     ; Stuck at GND                                                                        ;
; read_sel ; Input  ; Info     ; Stuck at GND                                                                        ;
; read_im  ; Output ; Info     ; Connected to dangling logic. Logic that only feeds a dangling port will be removed. ;
+----------+--------+----------+-------------------------------------------------------------------------------------+


+------------------------------------------------------------------------------------------------------------------+
; Port Connectivity Checks: "DspArithCtrl:arith_ctrl"                                                              ;
+--------+--------+----------+-------------------------------------------------------------------------------------+
; Port   ; Type   ; Severity ; Details                                                                             ;
+--------+--------+----------+-------------------------------------------------------------------------------------+
; isa_op ; Input  ; Info     ; Stuck at GND                                                                        ;
; valid  ; Output ; Info     ; Connected to dangling logic. Logic that only feeds a dangling port will be removed. ;
+--------+--------+----------+-------------------------------------------------------------------------------------+


+------------------------------------------------+
; Port Connectivity Checks: "DspCsrFile:csrfile" ;
+---------+-------+----------+-------------------+
; Port    ; Type  ; Severity ; Details           ;
+---------+-------+----------+-------------------+
; we      ; Input ; Info     ; Stuck at GND      ;
; csr_sel ; Input ; Info     ; Stuck at GND      ;
; wdata   ; Input ; Info     ; Stuck at GND      ;
+---------+-------+----------+-------------------+


+------------------------------------------------+
; Port Connectivity Checks: "DspRegFile:regfile" ;
+-------+-------+----------+---------------------+
; Port  ; Type  ; Severity ; Details             ;
+-------+-------+----------+---------------------+
; rs1   ; Input ; Info     ; Stuck at GND        ;
; rs2   ; Input ; Info     ; Stuck at GND        ;
; rd[0] ; Input ; Info     ; Stuck at GND        ;
+-------+-------+----------+---------------------+


+-----------------------------------------------------+
; Post-Synthesis Netlist Statistics for Top Partition ;
+-----------------------+-----------------------------+
; Type                  ; Count                       ;
+-----------------------+-----------------------------+
; arriav_lcell_comb     ; 1                           ;
;     normal            ; 1                           ;
;         0 data inputs ; 1                           ;
; boundary_port         ; 3                           ;
;                       ;                             ;
; Max LUT depth         ; 0.00                        ;
; Average LUT depth     ; 0.00                        ;
+-----------------------+-----------------------------+


+-------------------------------+
; Elapsed Time Per Partition    ;
+----------------+--------------+
; Partition Name ; Elapsed Time ;
+----------------+--------------+
; Top            ; 00:00:00     ;
+----------------+--------------+


+-------------------------------+
; Analysis & Synthesis Messages ;
+-------------------------------+
Info: *******************************************************************
Info: Running Quartus Prime Analysis & Synthesis
    Info: Version 24.1std.0 Build 1077 03/04/2025 SC Lite Edition
    Info: Processing started: Mon Aug 31 15:30:01 2026
Info: Command: quartus_map --read_settings_files=on --write_settings_files=off DspProcessor -c DspProcessor
Warning (18236): Number of processors has not been specified which may cause overloading on shared machines.  Set the global assignment NUM_PARALLEL_PROCESSORS in your QSF to an appropriate value for best performance.
Info (20030): Parallel compilation is enabled and will use 4 of the 4 processors detected
Info (12021): Found 1 design units, including 1 entities, in source file rtl/accregfile.v
    Info (12023): Found entity 1: AccRegFile File: C:/Users/DELL/AppData/Local/quartus/res_proj/dsp_processor_1/dsp_processor/rtl/AccRegFile.v Line: 15
Warning (10259): Verilog HDL error at SatRoundScale.v(47): constant value overflow File: C:/Users/DELL/AppData/Local/quartus/res_proj/dsp_processor_1/dsp_processor/rtl/SatRoundScale.v Line: 47
Info (12021): Found 1 design units, including 1 entities, in source file rtl/satroundscale.v
    Info (12023): Found entity 1: SatRoundScale File: C:/Users/DELL/AppData/Local/quartus/res_proj/dsp_processor_1/dsp_processor/rtl/SatRoundScale.v Line: 15
Info (12021): Found 1 design units, including 1 entities, in source file rtl/dsparithctrl.v
    Info (12023): Found entity 1: DspArithCtrl File: C:/Users/DELL/AppData/Local/quartus/res_proj/dsp_processor_1/dsp_processor/rtl/DspArithCtrl.v Line: 16
Warning (10259): Verilog HDL error at DspArithUnit.v(71): constant value overflow File: C:/Users/DELL/AppData/Local/quartus/res_proj/dsp_processor_1/dsp_processor/rtl/DspArithUnit.v Line: 71
Info (12021): Found 1 design units, including 1 entities, in source file rtl/dsparithunit.v
    Info (12023): Found entity 1: DspArithUnit File: C:/Users/DELL/AppData/Local/quartus/res_proj/dsp_processor_1/dsp_processor/rtl/DspArithUnit.v Line: 38
Info (12021): Found 1 design units, including 1 entities, in source file rtl/dspagu.v
    Info (12023): Found entity 1: DspAGU File: C:/Users/DELL/AppData/Local/quartus/res_proj/dsp_processor_1/dsp_processor/rtl/DspAGU.v Line: 42
Info (12021): Found 1 design units, including 1 entities, in source file rtl/dspsequencer.v
    Info (12023): Found entity 1: DspSequencer File: C:/Users/DELL/AppData/Local/quartus/res_proj/dsp_processor_1/dsp_processor/rtl/DspSequencer.v Line: 72
Info (12021): Found 1 design units, including 1 entities, in source file rtl/dspregfile.v
    Info (12023): Found entity 1: DspRegFile File: C:/Users/DELL/AppData/Local/quartus/res_proj/dsp_processor_1/dsp_processor/rtl/DspRegFile.v Line: 10
Info (12021): Found 1 design units, including 1 entities, in source file rtl/dspcsrfile.v
    Info (12023): Found entity 1: DspCsrFile File: C:/Users/DELL/AppData/Local/quartus/res_proj/dsp_processor_1/dsp_processor/rtl/DspCsrFile.v Line: 11
Info (12021): Found 1 design units, including 1 entities, in source file rtl/dspcore.v
    Info (12023): Found entity 1: DspCore File: C:/Users/DELL/AppData/Local/quartus/res_proj/dsp_processor_1/dsp_processor/rtl/DspCore.v Line: 41
Info (12021): Found 1 design units, including 1 entities, in source file rtl/tb_dsp_core.v
    Info (12023): Found entity 1: tb_dsp_core File: C:/Users/DELL/AppData/Local/quartus/res_proj/dsp_processor_1/dsp_processor/rtl/tb_dsp_core.v Line: 14
Info (12021): Found 1 design units, including 1 entities, in source file rtl/tb_dsp_arith.v
    Info (12023): Found entity 1: tb_dsp_arith File: C:/Users/DELL/AppData/Local/quartus/res_proj/dsp_processor_1/dsp_processor/rtl/tb_dsp_arith.v Line: 16
Info (12021): Found 1 design units, including 1 entities, in source file rtl/tb_acc_regfile.v
    Info (12023): Found entity 1: tb_acc_regfile File: C:/Users/DELL/AppData/Local/quartus/res_proj/dsp_processor_1/dsp_processor/rtl/tb_acc_regfile.v Line: 11
Info (12021): Found 1 design units, including 1 entities, in source file rtl/tb_satround.v
    Info (12023): Found entity 1: tb_satround File: C:/Users/DELL/AppData/Local/quartus/res_proj/dsp_processor_1/dsp_processor/rtl/tb_satround.v Line: 9
Info (12021): Found 1 design units, including 1 entities, in source file rtl/tb_dsp_ctrl.v
    Info (12023): Found entity 1: tb_dsp_ctrl File: C:/Users/DELL/AppData/Local/quartus/res_proj/dsp_processor_1/dsp_processor/rtl/tb_dsp_ctrl.v Line: 9
Info (12021): Found 1 design units, including 1 entities, in source file rtl/tb_dsp_agu.v
    Info (12023): Found entity 1: tb_dsp_agu File: C:/Users/DELL/AppData/Local/quartus/res_proj/dsp_processor_1/dsp_processor/rtl/tb_dsp_agu.v Line: 9
Info (12021): Found 1 design units, including 1 entities, in source file rtl/tb_dsp_seq_fir.v
    Info (12023): Found entity 1: tb_dsp_seq_fir File: C:/Users/DELL/AppData/Local/quartus/res_proj/dsp_processor_1/dsp_processor/rtl/tb_dsp_seq_fir.v Line: 13
Info (12021): Found 1 design units, including 1 entities, in source file rtl/tb_dsp_seq_iir.v
    Info (12023): Found entity 1: tb_dsp_seq_iir File: C:/Users/DELL/AppData/Local/quartus/res_proj/dsp_processor_1/dsp_processor/rtl/tb_dsp_seq_iir.v Line: 14
Info (12021): Found 1 design units, including 1 entities, in source file rtl/tb_dsp_seq_decim.v
    Info (12023): Found entity 1: tb_dsp_seq_decim File: C:/Users/DELL/AppData/Local/quartus/res_proj/dsp_processor_1/dsp_processor/rtl/tb_dsp_seq_decim.v Line: 13
Info (12021): Found 1 design units, including 1 entities, in source file rtl/tb_dsp_seq_lms.v
    Info (12023): Found entity 1: tb_dsp_seq_lms File: C:/Users/DELL/AppData/Local/quartus/res_proj/dsp_processor_1/dsp_processor/rtl/tb_dsp_seq_lms.v Line: 16
Info (12021): Found 1 design units, including 1 entities, in source file rtl/tb_dsp_seq_interp.v
    Info (12023): Found entity 1: tb_dsp_seq_interp File: C:/Users/DELL/AppData/Local/quartus/res_proj/dsp_processor_1/dsp_processor/rtl/tb_dsp_seq_interp.v Line: 14
Info (12021): Found 1 design units, including 1 entities, in source file rtl/tb_dsp_seq_conv.v
    Info (12023): Found entity 1: tb_dsp_seq_conv File: C:/Users/DELL/AppData/Local/quartus/res_proj/dsp_processor_1/dsp_processor/rtl/tb_dsp_seq_conv.v Line: 13
Info (12127): Elaborating entity "DspCore" for the top level hierarchy
Warning (10858): Verilog HDL warning at DspCore.v(51): object imem used but never assigned File: C:/Users/DELL/AppData/Local/quartus/res_proj/dsp_processor_1/dsp_processor/rtl/DspCore.v Line: 51
Warning (10858): Verilog HDL warning at DspCore.v(166): object x_mem used but never assigned File: C:/Users/DELL/AppData/Local/quartus/res_proj/dsp_processor_1/dsp_processor/rtl/DspCore.v Line: 166
Warning (10858): Verilog HDL warning at DspCore.v(168): object d_mem used but never assigned File: C:/Users/DELL/AppData/Local/quartus/res_proj/dsp_processor_1/dsp_processor/rtl/DspCore.v Line: 168
Warning (10230): Verilog HDL assignment warning at DspCore.v(160): truncated value with size 16 to match size of target (8) File: C:/Users/DELL/AppData/Local/quartus/res_proj/dsp_processor_1/dsp_processor/rtl/DspCore.v Line: 160
Warning (10230): Verilog HDL assignment warning at DspCore.v(161): truncated value with size 16 to match size of target (8) File: C:/Users/DELL/AppData/Local/quartus/res_proj/dsp_processor_1/dsp_processor/rtl/DspCore.v Line: 161
Info (12128): Elaborating entity "DspRegFile" for hierarchy "DspRegFile:regfile" File: C:/Users/DELL/AppData/Local/quartus/res_proj/dsp_processor_1/dsp_processor/rtl/DspCore.v Line: 107
Info (12128): Elaborating entity "DspCsrFile" for hierarchy "DspCsrFile:csrfile" File: C:/Users/DELL/AppData/Local/quartus/res_proj/dsp_processor_1/dsp_processor/rtl/DspCore.v Line: 120
Info (12128): Elaborating entity "DspArithCtrl" for hierarchy "DspArithCtrl:arith_ctrl" File: C:/Users/DELL/AppData/Local/quartus/res_proj/dsp_processor_1/dsp_processor/rtl/DspCore.v Line: 131
Info (12128): Elaborating entity "DspArithUnit" for hierarchy "DspArithUnit:arith_unit" File: C:/Users/DELL/AppData/Local/quartus/res_proj/dsp_processor_1/dsp_processor/rtl/DspCore.v Line: 138
Info (12128): Elaborating entity "AccRegFile" for hierarchy "AccRegFile:core_accs" File: C:/Users/DELL/AppData/Local/quartus/res_proj/dsp_processor_1/dsp_processor/rtl/DspCore.v Line: 147
Info (12128): Elaborating entity "SatRoundScale" for hierarchy "SatRoundScale:rdacc_srs" File: C:/Users/DELL/AppData/Local/quartus/res_proj/dsp_processor_1/dsp_processor/rtl/DspCore.v Line: 154
Warning (10764): Verilog HDL warning at SatRoundScale.v(36): converting signed shift amount to unsigned File: C:/Users/DELL/AppData/Local/quartus/res_proj/dsp_processor_1/dsp_processor/rtl/SatRoundScale.v Line: 36
Warning (10764): Verilog HDL warning at SatRoundScale.v(37): converting signed shift amount to unsigned File: C:/Users/DELL/AppData/Local/quartus/res_proj/dsp_processor_1/dsp_processor/rtl/SatRoundScale.v Line: 37
Warning (10764): Verilog HDL warning at SatRoundScale.v(39): converting signed shift amount to unsigned File: C:/Users/DELL/AppData/Local/quartus/res_proj/dsp_processor_1/dsp_processor/rtl/SatRoundScale.v Line: 39
Info (12128): Elaborating entity "DspSequencer" for hierarchy "DspSequencer:seq" File: C:/Users/DELL/AppData/Local/quartus/res_proj/dsp_processor_1/dsp_processor/rtl/DspCore.v Line: 209
Info (10264): Verilog HDL Case Statement information at DspSequencer.v(373): all case item expressions in this case statement are onehot File: C:/Users/DELL/AppData/Local/quartus/res_proj/dsp_processor_1/dsp_processor/rtl/DspSequencer.v Line: 373
Info (12128): Elaborating entity "DspAGU" for hierarchy "DspSequencer:seq|DspAGU:agu_coeff" File: C:/Users/DELL/AppData/Local/quartus/res_proj/dsp_processor_1/dsp_processor/rtl/DspSequencer.v Line: 178
Warning (13024): Output pins are stuck at VCC or GND
    Warning (13410): Pin "halted" is stuck at GND File: C:/Users/DELL/AppData/Local/quartus/res_proj/dsp_processor_1/dsp_processor/rtl/DspCore.v Line: 45
Info (17049): 61 registers lost all their fanouts during netlist optimizations.
Info (144001): Generated suppressed messages file C:/Users/DELL/AppData/Local/quartus/res_proj/dsp_processor_1/dsp_processor/output_files/DspProcessor.map.smsg
Info (16010): Generating hard_block partition "hard_block:auto_generated_inst"
    Info (16011): Adding 0 node(s), including 0 DDIO, 0 PLL, 0 transceiver and 0 LCELL
Warning (21074): Design contains 2 input pin(s) that do not drive logic
    Warning (15610): No output dependent on input pin "reset" File: C:/Users/DELL/AppData/Local/quartus/res_proj/dsp_processor_1/dsp_processor/rtl/DspCore.v Line: 43
    Warning (15610): No output dependent on input pin "clk" File: C:/Users/DELL/AppData/Local/quartus/res_proj/dsp_processor_1/dsp_processor/rtl/DspCore.v Line: 42
Info (21057): Implemented 3 device resources after synthesis - the final resource count might be different
    Info (21058): Implemented 2 input pins
    Info (21059): Implemented 1 output pins
Info: Quartus Prime Analysis & Synthesis was successful. 0 errors, 16 warnings
    Info: Peak virtual memory: 4838 megabytes
    Info: Processing ended: Mon Aug 31 15:30:15 2026
    Info: Elapsed time: 00:00:14
    Info: Total CPU time (on all processors): 00:00:28


+------------------------------------------+
; Analysis & Synthesis Suppressed Messages ;
+------------------------------------------+
The suppressed messages can be found in C:/Users/DELL/AppData/Local/quartus/res_proj/dsp_processor_1/dsp_processor/output_files/DspProcessor.map.smsg.


